ABCDEF
CDEFAB
FAB
BAF

123456
1S2T3U4V5W6XYZ
*
**
****
********
