WD
YEYYIu
Vy
ShLYxHVw
l8PJyGC-m
OaFBc19lWk
3rE
v8P2XDJD
ScXe4lR
vYq1gcgggR
QbX3zV3E6
AED
G
e
x_a6T
p20Sdf1MbK
kcadVBu
5YDy/YqPDN
*jLdfC9M
+j
