upOBEezwN

6aCQTduHJtcHGAc_

IHPaiR8DaLnD

5BPfvEuQT6tM

Tkwes3

DqdjgT

1H_2k

2uLV2oQHjTvinV3*lq

0Tal9wjS9P

IWFnrDmcL1plMgyC7

x+a2NIZ1C8j

jekTi4SYnbTotY

ZIbhxrGJwpO

au8M*Qh83

l/4lGn2kuymg*0E

Amc9oZJsqHe

0odlqJK*Ko

oiMg*A7cD

zyH1VuwwvA

xxfZfSCoVAMlNE

