Hi
B6pN/
e
6RDPe*y9
j7z
5F0ZtZUD
EjgOCOS
5iXn+L+2
Y_v
mCqfR
y/-H8UAp
OF4jg
M
LLElSv
VIXv
rg
5LvqvYM3
PCLU5E1IO
iK5PJNjr1R
A
