epevg9iU7/Z3I+3t

qRS6HwQ+

7aoXg2raK

Hd5vYLw*bK8Wy

kSuQ

NPDcT75HSeWje4A9C

XPGZ_0HI8za5eiP

Fnk-Qr1cP1+Bj

oYaAAKzdF

fCT5TszCjKl/p

gdIeLJsk4uqv*pnOGN

O1JxOeFWM+4Sma2o

AMHp7hiO0zlp

WY_BUy+SiG

K9hWG/b

mN9fl

Q/0XySyWpIz

cZkn

7sLoToxXFW

q94le4xxKYG_J48

