ZXUH*Vop1
Vop1
lYiwi9AmJm8IiQAG
mJm8IiQAG
H5NV8ub_y*_KAJ*B
_KAJ*B
VeQv4pp
Qv4pp
+Ftsopcy6Jb/-YN8+
Jb/-YN8+
KU4hAl76fFU1x
76fFU1x
3-Kr/r3-
-
GAr
Ar
-5tDyHLDkPa4H
DyHLDkPa4H
X1Kh-IwkX7kWR-M
7kWR-M
pi8wtG/SkJzbhM3
kJzbhM3
iySb
ySb
HHE1BTZ9se
e
EGtda-3C2F
-3C2F
GBFNvEcuK8ro
uK8ro
A0-
-
Upv8q4P9*jjxcpx
jxcpx
q6r31rXZNlg
g
eJb4OqgyYS2CTVCegE
2CTVCegE
/_totfjb*VAo+-bQ*
Ao+-bQ*
